------------------------------------------------------------
TimeQuest Timing Analyzer Summary
------------------------------------------------------------

Type  : Slow 1200mV 85C Model Setup 'b2v_inst4|altpll_component|auto_generated|pll1|clk[0]'
Slack : 18.005
TNS   : 0.000

Type  : Slow 1200mV 85C Model Hold 'b2v_inst4|altpll_component|auto_generated|pll1|clk[0]'
Slack : 0.403
TNS   : 0.000

Type  : Slow 1200mV 85C Model Minimum Pulse Width 'b2v_inst4|altpll_component|auto_generated|pll1|clk[0]'
Slack : 9.702
TNS   : 0.000

Type  : Slow 1200mV 85C Model Minimum Pulse Width 'inclk0'
Slack : 9.893
TNS   : 0.000

Type  : Slow 1200mV 0C Model Setup 'b2v_inst4|altpll_component|auto_generated|pll1|clk[0]'
Slack : 18.178
TNS   : 0.000

Type  : Slow 1200mV 0C Model Hold 'b2v_inst4|altpll_component|auto_generated|pll1|clk[0]'
Slack : 0.355
TNS   : 0.000

Type  : Slow 1200mV 0C Model Minimum Pulse Width 'b2v_inst4|altpll_component|auto_generated|pll1|clk[0]'
Slack : 9.705
TNS   : 0.000

Type  : Slow 1200mV 0C Model Minimum Pulse Width 'inclk0'
Slack : 9.868
TNS   : 0.000

Type  : Fast 1200mV 0C Model Setup 'b2v_inst4|altpll_component|auto_generated|pll1|clk[0]'
Slack : 19.044
TNS   : 0.000

Type  : Fast 1200mV 0C Model Hold 'b2v_inst4|altpll_component|auto_generated|pll1|clk[0]'
Slack : 0.182
TNS   : 0.000

Type  : Fast 1200mV 0C Model Minimum Pulse Width 'inclk0'
Slack : 9.571
TNS   : 0.000

Type  : Fast 1200mV 0C Model Minimum Pulse Width 'b2v_inst4|altpll_component|auto_generated|pll1|clk[0]'
Slack : 9.774
TNS   : 0.000

------------------------------------------------------------
